// Jest Snapshot v1, https://goo.gl/fbAQLP

exports[`encourage user to update when sufficient time passed since update was downloaded when started renders 1`] = `
<body>
  <div>
    <div
      class="StatusBar"
    >
      <div
        class="leftSide"
      />
      <div
        class="rightSide"
      />
    </div>
    <div
      class="Notifications flex column align-flex-end"
    />
  </div>
</body>
`;
