// Jest Snapshot v1, https://goo.gl/fbAQLP

exports[`keyboard-shortcuts when rendered renders 1`] = `
<body>
  <div>
    <div>
      <div>
        <div
          data-keyboard-shortcut-scope="some-scope"
          data-keyboard-shortcut-scope-test="some-scope"
          tabindex="-1"
        >
          <div />
        </div>
      </div>
    </div>
  </div>
</body>
`;
